  Geri yüklenecek projeler belirleniyor...
  Geri yükleme için tüm projeler güncel.
C:\Program Files\dotnet\sdk\9.0.307\Microsoft.Common.CurrentVersion.targets(5394,5): warning MSB3026: "C:\Users\akden\OneDrive\Masaüstü\leveling-system-full\backend\obj\Debug\net9.0\apphost.exe", "bin\Debug\net9.0\LevelingSystem.API.exe" üzerine kopyalanamadı. 1 numaralı yeniden denemeye 1000 ms içinde başlanacak. The process cannot access the file 'C:\Users\akden\OneDrive\Masaüstü\leveling-system-full\backend\bin\Debug\net9.0\LevelingSystem.API.exe' because it is being used by another process. Dosya şunun tarafından kilitlendi: "LevelingSystem.API (23532)" [C:\Users\akden\OneDrive\Masaüstü\leveling-system-full\backend\LevelingSystem.API.csproj]
C:\Program Files\dotnet\sdk\9.0.307\Microsoft.Common.CurrentVersion.targets(5394,5): warning MSB3026: "C:\Users\akden\OneDrive\Masaüstü\leveling-system-full\backend\obj\Debug\net9.0\apphost.exe", "bin\Debug\net9.0\LevelingSystem.API.exe" üzerine kopyalanamadı. 2 numaralı yeniden denemeye 1000 ms içinde başlanacak. The process cannot access the file 'C:\Users\akden\OneDrive\Masaüstü\leveling-system-full\backend\bin\Debug\net9.0\LevelingSystem.API.exe' because it is being used by another process. Dosya şunun tarafından kilitlendi: "LevelingSystem.API (23532)" [C:\Users\akden\OneDrive\Masaüstü\leveling-system-full\backend\LevelingSystem.API.csproj]
C:\Program Files\dotnet\sdk\9.0.307\Microsoft.Common.CurrentVersion.targets(5394,5): warning MSB3026: "C:\Users\akden\OneDrive\Masaüstü\leveling-system-full\backend\obj\Debug\net9.0\apphost.exe", "bin\Debug\net9.0\LevelingSystem.API.exe" üzerine kopyalanamadı. 3 numaralı yeniden denemeye 1000 ms içinde başlanacak. The process cannot access the file 'C:\Users\akden\OneDrive\Masaüstü\leveling-system-full\backend\bin\Debug\net9.0\LevelingSystem.API.exe' because it is being used by another process. Dosya şunun tarafından kilitlendi: "LevelingSystem.API (23532)" [C:\Users\akden\OneDrive\Masaüstü\leveling-system-full\backend\LevelingSystem.API.csproj]
C:\Program Files\dotnet\sdk\9.0.307\Microsoft.Common.CurrentVersion.targets(5394,5): warning MSB3026: "C:\Users\akden\OneDrive\Masaüstü\leveling-system-full\backend\obj\Debug\net9.0\apphost.exe", "bin\Debug\net9.0\LevelingSystem.API.exe" üzerine kopyalanamadı. 4 numaralı yeniden denemeye 1000 ms içinde başlanacak. The process cannot access the file 'C:\Users\akden\OneDrive\Masaüstü\leveling-system-full\backend\bin\Debug\net9.0\LevelingSystem.API.exe' because it is being used by another process. Dosya şunun tarafından kilitlendi: "LevelingSystem.API (23532)" [C:\Users\akden\OneDrive\Masaüstü\leveling-system-full\backend\LevelingSystem.API.csproj]
C:\Program Files\dotnet\sdk\9.0.307\Microsoft.Common.CurrentVersion.targets(5394,5): warning MSB3026: "C:\Users\akden\OneDrive\Masaüstü\leveling-system-full\backend\obj\Debug\net9.0\apphost.exe", "bin\Debug\net9.0\LevelingSystem.API.exe" üzerine kopyalanamadı. 5 numaralı yeniden denemeye 1000 ms içinde başlanacak. The process cannot access the file 'C:\Users\akden\OneDrive\Masaüstü\leveling-system-full\backend\bin\Debug\net9.0\LevelingSystem.API.exe' because it is being used by another process. Dosya şunun tarafından kilitlendi: "LevelingSystem.API (23532)" [C:\Users\akden\OneDrive\Masaüstü\leveling-system-full\backend\LevelingSystem.API.csproj]
C:\Program Files\dotnet\sdk\9.0.307\Microsoft.Common.CurrentVersion.targets(5394,5): warning MSB3026: "C:\Users\akden\OneDrive\Masaüstü\leveling-system-full\backend\obj\Debug\net9.0\apphost.exe", "bin\Debug\net9.0\LevelingSystem.API.exe" üzerine kopyalanamadı. 6 numaralı yeniden denemeye 1000 ms içinde başlanacak. The process cannot access the file 'C:\Users\akden\OneDrive\Masaüstü\leveling-system-full\backend\bin\Debug\net9.0\LevelingSystem.API.exe' because it is being used by another process. Dosya şunun tarafından kilitlendi: "LevelingSystem.API (23532)" [C:\Users\akden\OneDrive\Masaüstü\leveling-system-full\backend\LevelingSystem.API.csproj]
C:\Program Files\dotnet\sdk\9.0.307\Microsoft.Common.CurrentVersion.targets(5394,5): warning MSB3026: "C:\Users\akden\OneDrive\Masaüstü\leveling-system-full\backend\obj\Debug\net9.0\apphost.exe", "bin\Debug\net9.0\LevelingSystem.API.exe" üzerine kopyalanamadı. 7 numaralı yeniden denemeye 1000 ms içinde başlanacak. The process cannot access the file 'C:\Users\akden\OneDrive\Masaüstü\leveling-system-full\backend\bin\Debug\net9.0\LevelingSystem.API.exe' because it is being used by another process. Dosya şunun tarafından kilitlendi: "LevelingSystem.API (23532)" [C:\Users\akden\OneDrive\Masaüstü\leveling-system-full\backend\LevelingSystem.API.csproj]
C:\Program Files\dotnet\sdk\9.0.307\Microsoft.Common.CurrentVersion.targets(5394,5): warning MSB3026: "C:\Users\akden\OneDrive\Masaüstü\leveling-system-full\backend\obj\Debug\net9.0\apphost.exe", "bin\Debug\net9.0\LevelingSystem.API.exe" üzerine kopyalanamadı. 8 numaralı yeniden denemeye 1000 ms içinde başlanacak. The process cannot access the file 'C:\Users\akden\OneDrive\Masaüstü\leveling-system-full\backend\bin\Debug\net9.0\LevelingSystem.API.exe' because it is being used by another process. Dosya şunun tarafından kilitlendi: "LevelingSystem.API (23532)" [C:\Users\akden\OneDrive\Masaüstü\leveling-system-full\backend\LevelingSystem.API.csproj]
C:\Program Files\dotnet\sdk\9.0.307\Microsoft.Common.CurrentVersion.targets(5394,5): warning MSB3026: "C:\Users\akden\OneDrive\Masaüstü\leveling-system-full\backend\obj\Debug\net9.0\apphost.exe", "bin\Debug\net9.0\LevelingSystem.API.exe" üzerine kopyalanamadı. 9 numaralı yeniden denemeye 1000 ms içinde başlanacak. The process cannot access the file 'C:\Users\akden\OneDrive\Masaüstü\leveling-system-full\backend\bin\Debug\net9.0\LevelingSystem.API.exe' because it is being used by another process. Dosya şunun tarafından kilitlendi: "LevelingSystem.API (23532)" [C:\Users\akden\OneDrive\Masaüstü\leveling-system-full\backend\LevelingSystem.API.csproj]
C:\Program Files\dotnet\sdk\9.0.307\Microsoft.Common.CurrentVersion.targets(5394,5): warning MSB3026: "C:\Users\akden\OneDrive\Masaüstü\leveling-system-full\backend\obj\Debug\net9.0\apphost.exe", "bin\Debug\net9.0\LevelingSystem.API.exe" üzerine kopyalanamadı. 10 numaralı yeniden denemeye 1000 ms içinde başlanacak. The process cannot access the file 'C:\Users\akden\OneDrive\Masaüstü\leveling-system-full\backend\bin\Debug\net9.0\LevelingSystem.API.exe' because it is being used by another process. Dosya şunun tarafından kilitlendi: "LevelingSystem.API (23532)" [C:\Users\akden\OneDrive\Masaüstü\leveling-system-full\backend\LevelingSystem.API.csproj]
C:\Program Files\dotnet\sdk\9.0.307\Microsoft.Common.CurrentVersion.targets(5394,5): error MSB3027: "C:\Users\akden\OneDrive\Masaüstü\leveling-system-full\backend\obj\Debug\net9.0\apphost.exe", "bin\Debug\net9.0\LevelingSystem.API.exe" üzerine kopyalanamadı. 10 yeniden deneme sayısı aşıldı. Başarısız oldu. Dosya şunun tarafından kilitlendi: "LevelingSystem.API (23532)" [C:\Users\akden\OneDrive\Masaüstü\leveling-system-full\backend\LevelingSystem.API.csproj]
C:\Program Files\dotnet\sdk\9.0.307\Microsoft.Common.CurrentVersion.targets(5394,5): error MSB3021: "C:\Users\akden\OneDrive\Masaüstü\leveling-system-full\backend\obj\Debug\net9.0\apphost.exe" dosyası "bin\Debug\net9.0\LevelingSystem.API.exe" üzerine kopyalanamıyor. The process cannot access the file 'C:\Users\akden\OneDrive\Masaüstü\leveling-system-full\backend\bin\Debug\net9.0\LevelingSystem.API.exe' because it is being used by another process. [C:\Users\akden\OneDrive\Masaüstü\leveling-system-full\backend\LevelingSystem.API.csproj]

Oluşturma BAŞARISIZ OLDU.

C:\Program Files\dotnet\sdk\9.0.307\Microsoft.Common.CurrentVersion.targets(5394,5): warning MSB3026: "C:\Users\akden\OneDrive\Masaüstü\leveling-system-full\backend\obj\Debug\net9.0\apphost.exe", "bin\Debug\net9.0\LevelingSystem.API.exe" üzerine kopyalanamadı. 1 numaralı yeniden denemeye 1000 ms içinde başlanacak. The process cannot access the file 'C:\Users\akden\OneDrive\Masaüstü\leveling-system-full\backend\bin\Debug\net9.0\LevelingSystem.API.exe' because it is being used by another process. Dosya şunun tarafından kilitlendi: "LevelingSystem.API (23532)" [C:\Users\akden\OneDrive\Masaüstü\leveling-system-full\backend\LevelingSystem.API.csproj]
C:\Program Files\dotnet\sdk\9.0.307\Microsoft.Common.CurrentVersion.targets(5394,5): warning MSB3026: "C:\Users\akden\OneDrive\Masaüstü\leveling-system-full\backend\obj\Debug\net9.0\apphost.exe", "bin\Debug\net9.0\LevelingSystem.API.exe" üzerine kopyalanamadı. 2 numaralı yeniden denemeye 1000 ms içinde başlanacak. The process cannot access the file 'C:\Users\akden\OneDrive\Masaüstü\leveling-system-full\backend\bin\Debug\net9.0\LevelingSystem.API.exe' because it is being used by another process. Dosya şunun tarafından kilitlendi: "LevelingSystem.API (23532)" [C:\Users\akden\OneDrive\Masaüstü\leveling-system-full\backend\LevelingSystem.API.csproj]
C:\Program Files\dotnet\sdk\9.0.307\Microsoft.Common.CurrentVersion.targets(5394,5): warning MSB3026: "C:\Users\akden\OneDrive\Masaüstü\leveling-system-full\backend\obj\Debug\net9.0\apphost.exe", "bin\Debug\net9.0\LevelingSystem.API.exe" üzerine kopyalanamadı. 3 numaralı yeniden denemeye 1000 ms içinde başlanacak. The process cannot access the file 'C:\Users\akden\OneDrive\Masaüstü\leveling-system-full\backend\bin\Debug\net9.0\LevelingSystem.API.exe' because it is being used by another process. Dosya şunun tarafından kilitlendi: "LevelingSystem.API (23532)" [C:\Users\akden\OneDrive\Masaüstü\leveling-system-full\backend\LevelingSystem.API.csproj]
C:\Program Files\dotnet\sdk\9.0.307\Microsoft.Common.CurrentVersion.targets(5394,5): warning MSB3026: "C:\Users\akden\OneDrive\Masaüstü\leveling-system-full\backend\obj\Debug\net9.0\apphost.exe", "bin\Debug\net9.0\LevelingSystem.API.exe" üzerine kopyalanamadı. 4 numaralı yeniden denemeye 1000 ms içinde başlanacak. The process cannot access the file 'C:\Users\akden\OneDrive\Masaüstü\leveling-system-full\backend\bin\Debug\net9.0\LevelingSystem.API.exe' because it is being used by another process. Dosya şunun tarafından kilitlendi: "LevelingSystem.API (23532)" [C:\Users\akden\OneDrive\Masaüstü\leveling-system-full\backend\LevelingSystem.API.csproj]
C:\Program Files\dotnet\sdk\9.0.307\Microsoft.Common.CurrentVersion.targets(5394,5): warning MSB3026: "C:\Users\akden\OneDrive\Masaüstü\leveling-system-full\backend\obj\Debug\net9.0\apphost.exe", "bin\Debug\net9.0\LevelingSystem.API.exe" üzerine kopyalanamadı. 5 numaralı yeniden denemeye 1000 ms içinde başlanacak. The process cannot access the file 'C:\Users\akden\OneDrive\Masaüstü\leveling-system-full\backend\bin\Debug\net9.0\LevelingSystem.API.exe' because it is being used by another process. Dosya şunun tarafından kilitlendi: "LevelingSystem.API (23532)" [C:\Users\akden\OneDrive\Masaüstü\leveling-system-full\backend\LevelingSystem.API.csproj]
C:\Program Files\dotnet\sdk\9.0.307\Microsoft.Common.CurrentVersion.targets(5394,5): warning MSB3026: "C:\Users\akden\OneDrive\Masaüstü\leveling-system-full\backend\obj\Debug\net9.0\apphost.exe", "bin\Debug\net9.0\LevelingSystem.API.exe" üzerine kopyalanamadı. 6 numaralı yeniden denemeye 1000 ms içinde başlanacak. The process cannot access the file 'C:\Users\akden\OneDrive\Masaüstü\leveling-system-full\backend\bin\Debug\net9.0\LevelingSystem.API.exe' because it is being used by another process. Dosya şunun tarafından kilitlendi: "LevelingSystem.API (23532)" [C:\Users\akden\OneDrive\Masaüstü\leveling-system-full\backend\LevelingSystem.API.csproj]
C:\Program Files\dotnet\sdk\9.0.307\Microsoft.Common.CurrentVersion.targets(5394,5): warning MSB3026: "C:\Users\akden\OneDrive\Masaüstü\leveling-system-full\backend\obj\Debug\net9.0\apphost.exe", "bin\Debug\net9.0\LevelingSystem.API.exe" üzerine kopyalanamadı. 7 numaralı yeniden denemeye 1000 ms içinde başlanacak. The process cannot access the file 'C:\Users\akden\OneDrive\Masaüstü\leveling-system-full\backend\bin\Debug\net9.0\LevelingSystem.API.exe' because it is being used by another process. Dosya şunun tarafından kilitlendi: "LevelingSystem.API (23532)" [C:\Users\akden\OneDrive\Masaüstü\leveling-system-full\backend\LevelingSystem.API.csproj]
C:\Program Files\dotnet\sdk\9.0.307\Microsoft.Common.CurrentVersion.targets(5394,5): warning MSB3026: "C:\Users\akden\OneDrive\Masaüstü\leveling-system-full\backend\obj\Debug\net9.0\apphost.exe", "bin\Debug\net9.0\LevelingSystem.API.exe" üzerine kopyalanamadı. 8 numaralı yeniden denemeye 1000 ms içinde başlanacak. The process cannot access the file 'C:\Users\akden\OneDrive\Masaüstü\leveling-system-full\backend\bin\Debug\net9.0\LevelingSystem.API.exe' because it is being used by another process. Dosya şunun tarafından kilitlendi: "LevelingSystem.API (23532)" [C:\Users\akden\OneDrive\Masaüstü\leveling-system-full\backend\LevelingSystem.API.csproj]
C:\Program Files\dotnet\sdk\9.0.307\Microsoft.Common.CurrentVersion.targets(5394,5): warning MSB3026: "C:\Users\akden\OneDrive\Masaüstü\leveling-system-full\backend\obj\Debug\net9.0\apphost.exe", "bin\Debug\net9.0\LevelingSystem.API.exe" üzerine kopyalanamadı. 9 numaralı yeniden denemeye 1000 ms içinde başlanacak. The process cannot access the file 'C:\Users\akden\OneDrive\Masaüstü\leveling-system-full\backend\bin\Debug\net9.0\LevelingSystem.API.exe' because it is being used by another process. Dosya şunun tarafından kilitlendi: "LevelingSystem.API (23532)" [C:\Users\akden\OneDrive\Masaüstü\leveling-system-full\backend\LevelingSystem.API.csproj]
C:\Program Files\dotnet\sdk\9.0.307\Microsoft.Common.CurrentVersion.targets(5394,5): warning MSB3026: "C:\Users\akden\OneDrive\Masaüstü\leveling-system-full\backend\obj\Debug\net9.0\apphost.exe", "bin\Debug\net9.0\LevelingSystem.API.exe" üzerine kopyalanamadı. 10 numaralı yeniden denemeye 1000 ms içinde başlanacak. The process cannot access the file 'C:\Users\akden\OneDrive\Masaüstü\leveling-system-full\backend\bin\Debug\net9.0\LevelingSystem.API.exe' because it is being used by another process. Dosya şunun tarafından kilitlendi: "LevelingSystem.API (23532)" [C:\Users\akden\OneDrive\Masaüstü\leveling-system-full\backend\LevelingSystem.API.csproj]
C:\Program Files\dotnet\sdk\9.0.307\Microsoft.Common.CurrentVersion.targets(5394,5): error MSB3027: "C:\Users\akden\OneDrive\Masaüstü\leveling-system-full\backend\obj\Debug\net9.0\apphost.exe", "bin\Debug\net9.0\LevelingSystem.API.exe" üzerine kopyalanamadı. 10 yeniden deneme sayısı aşıldı. Başarısız oldu. Dosya şunun tarafından kilitlendi: "LevelingSystem.API (23532)" [C:\Users\akden\OneDrive\Masaüstü\leveling-system-full\backend\LevelingSystem.API.csproj]
C:\Program Files\dotnet\sdk\9.0.307\Microsoft.Common.CurrentVersion.targets(5394,5): error MSB3021: "C:\Users\akden\OneDrive\Masaüstü\leveling-system-full\backend\obj\Debug\net9.0\apphost.exe" dosyası "bin\Debug\net9.0\LevelingSystem.API.exe" üzerine kopyalanamıyor. The process cannot access the file 'C:\Users\akden\OneDrive\Masaüstü\leveling-system-full\backend\bin\Debug\net9.0\LevelingSystem.API.exe' because it is being used by another process. [C:\Users\akden\OneDrive\Masaüstü\leveling-system-full\backend\LevelingSystem.API.csproj]
    10 Uyarı
    2 Hata

Geçen Süre 00:00:12.86
